// Jest Snapshot v1, https://goo.gl/fbAQLP

exports[`Item component renders the props correctly 1`] = `
<tr>
  <td
    style={
      Object {
        "width": "30%",
      }
    }
  >
    <div
      className="inline-block"
    >
      Chocalates
    </div>
    <div
      className="inline-block spacing"
    >
      <img
        height="100px"
        src="/Images/chocalates.png"
        width="100px"
      />
    </div>
  </td>
  <td
    style={
      Object {
        "width": "10%",
      }
    }
  >
    <div
      class="align-center"
    >
      100
    </div>
  </td>
  <td
    style={
      Object {
        "width": "10%",
      }
    }
  >
    <div
      className="align-center"
    >
      <input
        className="input-width"
        id="quantity"
        onChange={[Function]}
        type="number"
        value="1"
      />
    </div>
  </td>
  <td
    style={
      Object {
        "width": "10%",
      }
    }
  >
    <div
      className="align-center"
    >
      <button
        className="btn btn-info"
        id="addButton"
        onClick={[Function]}
        type="button"
      >
        Add
      </button>
    </div>
  </td>
</tr>
`;
